// Jest Snapshot v1, https://goo.gl/fbAQLP

exports[`PaymentInstructions should render 1`] = `
<View
  style={
    Object {
      "flex": 1,
    }
  }
>
  <RNCSafeAreaProvider
    onInsetsChange={[Function]}
    style={
      Array [
        Object {
          "flex": 1,
        },
        undefined,
      ]
    }
  >
    <View
      pointerEvents="box-none"
      style={
        Array [
          Object {
            "zIndex": 1,
          },
          false,
        ]
      }
    >
      <View
        accessibilityElementsHidden={false}
        importantForAccessibility="auto"
        onLayout={[Function]}
        pointerEvents="box-none"
        style={null}
      >
        <View
          pointerEvents="box-none"
          style={
            Object {
              "bottom": 0,
              "left": 0,
              "opacity": 1,
              "position": "absolute",
              "right": 0,
              "top": 0,
              "zIndex": 0,
            }
          }
        >
          <View
            style={
              Object {
                "backgroundColor": "rgb(255, 255, 255)",
                "borderBottomColor": "rgb(216, 216, 216)",
                "flex": 1,
                "shadowColor": "rgb(216, 216, 216)",
                "shadowOffset": Object {
                  "height": 0.5,
                  "width": 0,
                },
                "shadowOpacity": 0.85,
                "shadowRadius": 0,
              }
            }
          />
        </View>
        <View
          pointerEvents="box-none"
          style={
            Object {
              "height": 64,
              "maxHeight": undefined,
              "minHeight": undefined,
              "opacity": undefined,
              "transform": undefined,
            }
          }
        >
          <View
            pointerEvents="none"
            style={
              Object {
                "height": 20,
              }
            }
          />
          <View
            pointerEvents="box-none"
            style={
              Object {
                "alignItems": "center",
                "flex": 1,
                "flexDirection": "row",
                "justifyContent": "center",
              }
            }
          >
            <View
              pointerEvents="box-none"
              style={
                Object {
                  "marginHorizontal": 16,
                  "opacity": 1,
                }
              }
            >
              <Text
                accessibilityRole="header"
                numberOfLines={1}
                onLayout={[Function]}
                style={
                  Object {
                    "color": "rgb(28, 28, 30)",
                    "fontSize": 17,
                    "fontWeight": "600",
                  }
                }
              >
                Home
              </Text>
            </View>
          </View>
        </View>
      </View>
    </View>
    <View
      onLayout={[Function]}
      style={
        Object {
          "flex": 1,
        }
      }
    >
      <View
        pointerEvents="box-none"
        style={
          Object {
            "bottom": 0,
            "left": 0,
            "position": "absolute",
            "right": 0,
            "top": 0,
          }
        }
      >
        <View
          collapsable={false}
          style={
            Object {
              "opacity": 1,
            }
          }
        />
        <View
          accessibilityElementsHidden={false}
          closing={false}
          gestureVelocityImpact={0.3}
          importantForAccessibility="auto"
          onClose={[Function]}
          onGestureBegin={[Function]}
          onGestureCanceled={[Function]}
          onOpen={[Function]}
          onTransitionStart={[Function]}
          pointerEvents="box-none"
          style={
            Object {
              "bottom": 0,
              "left": 0,
              "position": "absolute",
              "right": 0,
              "top": 0,
            }
          }
          transitionSpec={
            Object {
              "close": Object {
                "animation": "spring",
                "config": Object {
                  "damping": 500,
                  "mass": 3,
                  "overshootClamping": true,
                  "restDisplacementThreshold": 10,
                  "restSpeedThreshold": 10,
                  "stiffness": 1000,
                },
              },
              "open": Object {
                "animation": "spring",
                "config": Object {
                  "damping": 500,
                  "mass": 3,
                  "overshootClamping": true,
                  "restDisplacementThreshold": 10,
                  "restSpeedThreshold": 10,
                  "stiffness": 1000,
                },
              },
            }
          }
        >
          <View
            pointerEvents="box-none"
            style={
              Object {
                "flex": 1,
              }
            }
          >
            <View
              collapsable={false}
              forwardedRef={[Function]}
              onGestureHandlerEvent={[Function]}
              onGestureHandlerStateChange={[Function]}
              style={
                Object {
                  "flex": 1,
                  "transform": Array [
                    Object {
                      "translateX": 0,
                    },
                    Object {
                      "translateX": 0,
                    },
                  ],
                }
              }
            >
              <View
                pointerEvents="none"
                style={
                  Object {
                    "backgroundColor": "rgb(242, 242, 242)",
                    "bottom": 0,
                    "left": 0,
                    "position": "absolute",
                    "shadowColor": "#000",
                    "shadowOffset": Object {
                      "height": 1,
                      "width": -1,
                    },
                    "shadowOpacity": 0.3,
                    "shadowRadius": 5,
                    "top": 0,
                    "width": 3,
                  }
                }
              />
              <View
                style={
                  Array [
                    Object {
                      "flex": 1,
                      "overflow": "hidden",
                    },
                    Array [
                      Object {
                        "backgroundColor": "rgb(242, 242, 242)",
                      },
                      undefined,
                    ],
                  ]
                }
              >
                <View
                  style={
                    Object {
                      "flex": 1,
                      "flexDirection": "column-reverse",
                    }
                  }
                >
                  <View
                    style={
                      Object {
                        "flex": 1,
                      }
                    }
                  >
                    <View
                      style={
                        Object {
                          "flex": 1,
                        }
                      }
                    >
                      <Image
                        source={1}
                        style={
                          Object {
                            "height": 200,
                            "resizeMode": "contain",
                            "width": "95%",
                          }
                        }
                      />
                      <Text
                        style={
                          Array [
                            Object {
                              "color": "#000",
                              "fontFamily": "System",
                              "fontSize": 16,
                            },
                            Object {
                              "alignSelf": "center",
                              "color": "grey",
                              "fontStyle": "italic",
                              "marginBottom": 10,
                              "textAlign": "center",
                              "width": "70%",
                            },
                          ]
                        }
                      >
                        Buy and sell with purpose because together we can make A.change
                      </Text>
                      <View
                        style={
                          Object {
                            "flex": 1,
                            "padding": 10,
                          }
                        }
                      >
                        <View
                          accessible={true}
                          focusable={true}
                          forwardedRef={[Function]}
                          onClick={[Function]}
                          onResponderGrant={[Function]}
                          onResponderMove={[Function]}
                          onResponderRelease={[Function]}
                          onResponderTerminate={[Function]}
                          onResponderTerminationRequest={[Function]}
                          onStartShouldSetResponder={[Function]}
                          style={
                            Object {
                              "alignItems": "center",
                              "alignSelf": "stretch",
                              "backgroundColor": "#62B1F6",
                              "borderBottomWidth": null,
                              "borderColor": "#007aff",
                              "borderLeftWidth": null,
                              "borderRadius": 5,
                              "borderRightWidth": null,
                              "borderTopWidth": null,
                              "borderWidth": undefined,
                              "elevation": 2,
                              "flexDirection": "row",
                              "height": 45,
                              "justifyContent": "center",
                              "opacity": 1,
                              "paddingBottom": 6,
                              "paddingTop": 6,
                              "shadowColor": undefined,
                              "shadowOffset": undefined,
                              "shadowOpacity": undefined,
                              "shadowRadius": undefined,
                            }
                          }
                        >
                          <Text
                            style={
                              Object {
                                "backgroundColor": "transparent",
                                "color": "#fff",
                                "fontFamily": "System",
                                "fontSize": 16.5,
                                "marginLeft": 0,
                                "marginRight": 0,
                                "paddingLeft": 16,
                                "paddingRight": 16,
                              }
                            }
                          >
                            Current Listings
                          </Text>
                        </View>
                        <View
                          accessible={true}
                          focusable={true}
                          forwardedRef={[Function]}
                          onClick={[Function]}
                          onResponderGrant={[Function]}
                          onResponderMove={[Function]}
                          onResponderRelease={[Function]}
                          onResponderTerminate={[Function]}
                          onResponderTerminationRequest={[Function]}
                          onStartShouldSetResponder={[Function]}
                          style={
                            Object {
                              "alignItems": "center",
                              "alignSelf": "stretch",
                              "backgroundColor": "#62B1F6",
                              "borderBottomWidth": null,
                              "borderColor": "#007aff",
                              "borderLeftWidth": null,
                              "borderRadius": 5,
                              "borderRightWidth": null,
                              "borderTopWidth": null,
                              "borderWidth": undefined,
                              "elevation": 2,
                              "flexDirection": "row",
                              "height": 45,
                              "justifyContent": "center",
                              "marginTop": 30,
                              "opacity": 1,
                              "paddingBottom": 6,
                              "paddingTop": 6,
                              "shadowColor": undefined,
                              "shadowOffset": undefined,
                              "shadowOpacity": undefined,
                              "shadowRadius": undefined,
                            }
                          }
                        >
                          <Text
                            style={
                              Object {
                                "backgroundColor": "transparent",
                                "color": "#fff",
                                "fontFamily": "System",
                                "fontSize": 16.5,
                                "marginLeft": 0,
                                "marginRight": 0,
                                "paddingLeft": 16,
                                "paddingRight": 16,
                              }
                            }
                          >
                            Post Item
                          </Text>
                        </View>
                      </View>
                      <View
                        style={
                          Object {
                            "backgroundColor": "white",
                            "borderTopColor": "#dddddd",
                            "borderTopWidth": 1,
                            "bottom": "0%",
                            "display": "flex",
                            "flexDirection": "row",
                            "height": "8%",
                            "justifyContent": "space-around",
                            "padding": 8,
                            "position": "absolute",
                            "width": "100%",
                          }
                        }
                      >
                        <RNGestureHandlerButton
                          collapsable={false}
                          onGestureEvent={[Function]}
                          onGestureHandlerEvent={[Function]}
                          onGestureHandlerStateChange={[Function]}
                          onHandlerStateChange={[Function]}
                          rippleColor={0}
                          style={
                            Array [
                              Object {
                                "overflow": "hidden",
                              },
                              undefined,
                            ]
                          }
                        >
                          <View
                            accessible={true}
                          >
                            <Image
                              accessibilityRole="button"
                              id="search"
                              source={1}
                              style={
                                Object {
                                  "height": 30,
                                  "width": 30,
                                }
                              }
                            />
                          </View>
                        </RNGestureHandlerButton>
                        <RNGestureHandlerButton
                          collapsable={false}
                          onGestureEvent={[Function]}
                          onGestureHandlerEvent={[Function]}
                          onGestureHandlerStateChange={[Function]}
                          onHandlerStateChange={[Function]}
                          rippleColor={0}
                          style={
                            Array [
                              Object {
                                "overflow": "hidden",
                              },
                              undefined,
                            ]
                          }
                        >
                          <View
                            accessible={true}
                          >
                            <Image
                              accessibilityRole="button"
                              id="add"
                              source={1}
                              style={
                                Object {
                                  "height": 30,
                                  "width": 30,
                                }
                              }
                            />
                          </View>
                        </RNGestureHandlerButton>
                        <RNGestureHandlerButton
                          collapsable={false}
                          onGestureEvent={[Function]}
                          onGestureHandlerEvent={[Function]}
                          onGestureHandlerStateChange={[Function]}
                          onHandlerStateChange={[Function]}
                          rippleColor={0}
                          style={
                            Array [
                              Object {
                                "overflow": "hidden",
                              },
                              undefined,
                            ]
                          }
                        >
                          <View
                            accessible={true}
                          >
                            <Image
                              accessibilityRole="button"
                              id="home"
                              source={1}
                              style={
                                Object {
                                  "height": 30,
                                  "width": 30,
                                }
                              }
                            />
                          </View>
                        </RNGestureHandlerButton>
                      </View>
                    </View>
                  </View>
                </View>
              </View>
            </View>
          </View>
        </View>
      </View>
    </View>
  </RNCSafeAreaProvider>
</View>
`;
