// Jest Snapshot v1, https://goo.gl/fbAQLP

exports[`Camera should render 1`] = `null`;
