// Jest Snapshot v1, https://goo.gl/fbAQLP

exports[`PostConfirmation should render 1`] = `
<RNCSafeAreaView
  style={
    Object {
      "alignItems": "center",
      "flex": 1,
      "justifyContent": "center",
    }
  }
>
  <RCTScrollView
    collapsable={false}
    onGestureHandlerEvent={[Function]}
    onGestureHandlerStateChange={[Function]}
    style={
      Object {
        "width": "100%",
      }
    }
  >
    <View>
      <Text
        style={
          Array [
            Object {
              "color": "#000",
              "fontFamily": "System",
              "fontSize": 16,
            },
            Object {
              "fontFamily": "quicksand-bold",
              "fontSize": 25,
              "marginBottom": 20,
              "textAlign": "center",
            },
          ]
        }
      >
        Please review your listing before confirming:
      </Text>
      <Image
        source={
          Object {
            "uri": undefined,
          }
        }
        style={
          Object {
            "height": 400,
            "resizeMode": "cover",
            "width": "100%",
          }
        }
      />
      <View
        style={
          Object {
            "backgroundColor": "#FFFFFF",
            "padding": 10,
          }
        }
      >
        <Text
          style={
            Array [
              Object {
                "color": "#000",
                "fontFamily": "System",
                "fontSize": 16,
              },
              Object {
                "fontFamily": "quicksand-bold",
                "fontSize": 18,
                "marginTop": 5,
              },
            ]
          }
        >
          Details:
        </Text>
        <Text
          style={
            Array [
              Object {
                "color": "#000",
                "fontFamily": "System",
                "fontSize": 16,
              },
              Object {
                "fontFamily": "quicksand",
                "fontSize": 15,
                "marginBottom": 5,
                "marginLeft": 10,
              },
            ]
          }
        >
          Title: 
        </Text>
        <Text
          style={
            Array [
              Object {
                "color": "#000",
                "fontFamily": "System",
                "fontSize": 16,
              },
              Object {
                "fontFamily": "quicksand",
                "fontSize": 15,
                "marginBottom": 5,
                "marginLeft": 10,
              },
            ]
          }
        >
          Price: $
        </Text>
        <Text
          style={
            Array [
              Object {
                "color": "#000",
                "fontFamily": "System",
                "fontSize": 16,
              },
              Object {
                "fontFamily": "quicksand",
                "fontSize": 15,
                "marginBottom": 5,
                "marginLeft": 10,
              },
            ]
          }
        >
          Description: 
        </Text>
        <Text
          style={
            Array [
              Object {
                "color": "#000",
                "fontFamily": "System",
                "fontSize": 16,
              },
              Object {
                "fontFamily": "quicksand",
                "fontSize": 15,
                "marginBottom": 5,
                "marginLeft": 10,
              },
            ]
          }
        >
          Category: 
        </Text>
        <Text
          style={
            Array [
              Object {
                "color": "#000",
                "fontFamily": "System",
                "fontSize": 16,
              },
              Object {
                "fontFamily": "quicksand",
                "fontSize": 15,
                "marginBottom": 5,
                "marginLeft": 10,
              },
            ]
          }
        >
          Charity: 
        </Text>
      </View>
      <Text
        style={
          Array [
            Object {
              "color": "#000",
              "fontFamily": "System",
              "fontSize": 16,
            },
            Object {
              "alignSelf": "center",
              "color": "grey",
              "fontFamily": "quicksand",
              "fontSize": 15,
              "margin": 10,
              "textAlign": "center",
              "width": "80%",
            },
          ]
        }
      >
        Navigate back to the previous screens to edit or confirm listing.
      </Text>
    </View>
  </RCTScrollView>
  <View
    accessible={true}
    focusable={true}
    forwardedRef={[Function]}
    onClick={[Function]}
    onResponderGrant={[Function]}
    onResponderMove={[Function]}
    onResponderRelease={[Function]}
    onResponderTerminate={[Function]}
    onResponderTerminationRequest={[Function]}
    onStartShouldSetResponder={[Function]}
    style={
      Object {
        "alignItems": "center",
        "alignSelf": "stretch",
        "backgroundColor": "#2cb833",
        "borderBottomWidth": null,
        "borderColor": "#007aff",
        "borderLeftWidth": null,
        "borderRadius": 5,
        "borderRightWidth": null,
        "borderTopWidth": null,
        "borderWidth": undefined,
        "elevation": 2,
        "flexDirection": "row",
        "height": 45,
        "justifyContent": "center",
        "marginTop": 10,
        "opacity": 1,
        "paddingBottom": 6,
        "paddingTop": 6,
        "shadowColor": undefined,
        "shadowOffset": undefined,
        "shadowOpacity": undefined,
        "shadowRadius": undefined,
      }
    }
  >
    <Text
      style={
        Array [
          Object {
            "backgroundColor": "transparent",
            "color": "#fff",
            "fontFamily": "System",
            "fontSize": 16.5,
            "marginLeft": 0,
            "marginRight": 0,
            "paddingLeft": 16,
            "paddingRight": 16,
          },
          Object {
            "fontFamily": "quicksand-bold",
            "fontSize": 15,
          },
        ]
      }
    >
      Confirm Listing
    </Text>
  </View>
</RNCSafeAreaView>
`;
